// Jest Snapshot v1, https://goo.gl/fbAQLP

exports[`WeeklyMenuTab should render buttons for 5 weeks 1`] = `
Object {
  "asFragment": [Function],
  "baseElement": <body>
    <div>
      <div
        class="menuHeader"
      >
        <p
          class="menuFor"
          data-testid="menuHeader"
        >
          Please select the week to show foodItems
        </p>
        <div
          class="menuButtons"
        >
          <button
            data-testid="week1"
            value="week1"
          >
            Oct 16 - Oct 22
          </button>
          <button
            data-testid="week2"
            value="week2"
          >
            Oct 23 - Oct 29
          </button>
          <button
            data-testid="week3"
            value="week3"
          >
            Nov 06 - Nov 12
          </button>
          <button
            data-testid="week4"
            value="week4"
          >
            Nov 13 - Nov 19
          </button>
          <button
            data-testid="week5"
            value="week5"
          >
            Nov 20 - Nov 26
          </button>
        </div>
      </div>
    </div>
  </body>,
  "container": <div>
    <div
      class="menuHeader"
    >
      <p
        class="menuFor"
        data-testid="menuHeader"
      >
        Please select the week to show foodItems
      </p>
      <div
        class="menuButtons"
      >
        <button
          data-testid="week1"
          value="week1"
        >
          Oct 16 - Oct 22
        </button>
        <button
          data-testid="week2"
          value="week2"
        >
          Oct 23 - Oct 29
        </button>
        <button
          data-testid="week3"
          value="week3"
        >
          Nov 06 - Nov 12
        </button>
        <button
          data-testid="week4"
          value="week4"
        >
          Nov 13 - Nov 19
        </button>
        <button
          data-testid="week5"
          value="week5"
        >
          Nov 20 - Nov 26
        </button>
      </div>
    </div>
  </div>,
  "debug": [Function],
  "findAllByAltText": [Function],
  "findAllByDisplayValue": [Function],
  "findAllByLabelText": [Function],
  "findAllByPlaceholderText": [Function],
  "findAllByRole": [Function],
  "findAllByTestId": [Function],
  "findAllByText": [Function],
  "findAllByTitle": [Function],
  "findByAltText": [Function],
  "findByDisplayValue": [Function],
  "findByLabelText": [Function],
  "findByPlaceholderText": [Function],
  "findByRole": [Function],
  "findByTestId": [Function],
  "findByText": [Function],
  "findByTitle": [Function],
  "getAllByAltText": [Function],
  "getAllByDisplayValue": [Function],
  "getAllByLabelText": [Function],
  "getAllByPlaceholderText": [Function],
  "getAllByRole": [Function],
  "getAllByTestId": [Function],
  "getAllByText": [Function],
  "getAllByTitle": [Function],
  "getByAltText": [Function],
  "getByDisplayValue": [Function],
  "getByLabelText": [Function],
  "getByPlaceholderText": [Function],
  "getByRole": [Function],
  "getByTestId": [Function],
  "getByText": [Function],
  "getByTitle": [Function],
  "queryAllByAltText": [Function],
  "queryAllByDisplayValue": [Function],
  "queryAllByLabelText": [Function],
  "queryAllByPlaceholderText": [Function],
  "queryAllByRole": [Function],
  "queryAllByTestId": [Function],
  "queryAllByText": [Function],
  "queryAllByTitle": [Function],
  "queryByAltText": [Function],
  "queryByDisplayValue": [Function],
  "queryByLabelText": [Function],
  "queryByPlaceholderText": [Function],
  "queryByRole": [Function],
  "queryByTestId": [Function],
  "queryByText": [Function],
  "queryByTitle": [Function],
  "rerender": [Function],
  "unmount": [Function],
}
`;
